========================================================================= test session starts =========================================================================
platform win32 -- Python 3.11.4, pytest-7.4.0, pluggy-1.2.0
rootdir: C:\Users\Przemek\OneDrive\Code\CPFW\Python\G-API-Video-Inspector-Transcriber-PS
collected 5 items

test_gavit_main.py .                                                                                                                                             [ 20%]
test_gavit_utilities.py ....                                                                                                                                     [100%]

==================================================================== 5 passed in 184.22s (0:03:04) ====================================================================